Warning: Design 'processor' has '2' unresolved references. For more detailed information, use the "link" command. (UID-341)
Information: Performing power optimization. (PWR-850)
Alib files are up-to-date.
Information: Evaluating DesignWare library utilization. (UISN-27)

============================================================================
| DesignWare Building Block Library  |         Version         | Available |
============================================================================
| Basic DW Building Blocks           | J-2014.09-DWBB_201409.4 |     *     |
| Licensed DW Building Blocks        | J-2014.09-DWBB_201409.4 |     *     |
============================================================================

Information: Sequential output inversion is enabled.  SVF file must be used for formal verification. (OPT-1208)

Information: There are 238 potential problems in your design. Please run 'check_design' for more information. (LINT-99)


Information: Building the design 'alu'. (HDL-193)
Error:  /users/ugrad2/2015/summer/binhnn1/EECS112L/assignment4/syn/design/alu.vhd:30: Constant value required. (ELAB-922)
*** Presto compilation terminated with 1 errors. ***
Information: Building the design 'ram' instantiated from design 'processor' with
	the parameters "SIZE=512". (HDL-193)
Error:  /users/ugrad2/2015/summer/binhnn1/EECS112L/assignment4/syn/design/ram.vhd:33: Constant value required. (ELAB-922)
*** Presto compilation terminated with 1 errors. ***
Warning: Unable to resolve reference 'alu' in 'processor'. (LINK-5)
Warning: Unable to resolve reference 'ram' in 'processor'. (LINK-5)
Loaded alib file './alib-52/saed32lvt_tt1p05vn40c.db.alib'
Information: State dependent leakage is now switched from on to off.

  Beginning Pass 1 Mapping
  ------------------------
  Processing 'regfile'
 Implement Synthetic for 'regfile'.
  Processing 'processor'
Information: Added key list 'DesignWare' to design 'processor'. (DDB-72)
 Implement Synthetic for 'processor'.
  Processing 'rom_SIZE512'
 Implement Synthetic for 'rom_SIZE512'.
  Processing 'flipflop_S32_0'
  Processing 'pc_clock'
  Processing 'controller'
  Processing 'mux4to1_S32_0'
 Implement Synthetic for 'mux4to1_S32_0'.
  Processing 'hazard_control'
Information: Added key list 'DesignWare' to design 'hazard_control'. (DDB-72)
  Processing 'mux2to1_S32_0'
  Processing 'flipflop_S6'
  Processing 'flipflop_S5_0'
  Processing 'flipflop_S3_0'
  Processing 'mux2to1_S5'
  Processing 'flipflop1bit_0'
  Processing 'sign_extender_SIZE16'
Information: Building the design 'alu'. (HDL-193)
Error:  /users/ugrad2/2015/summer/binhnn1/EECS112L/assignment4/syn/design/alu.vhd:30: Constant value required. (ELAB-922)
*** Presto compilation terminated with 1 errors. ***
Information: Building the design 'ram' instantiated from design 'processor' with
	the parameters "SIZE=512". (HDL-193)
Error:  /users/ugrad2/2015/summer/binhnn1/EECS112L/assignment4/syn/design/ram.vhd:33: Constant value required. (ELAB-922)
*** Presto compilation terminated with 1 errors. ***
Warning: Unable to resolve reference 'alu' in 'processor'. (LINK-5)
Warning: Unable to resolve reference 'ram' in 'processor'. (LINK-5)

  Updating timing information
Information: The register 'inst_regfile/mem_reg[0][31]' will be removed. (OPT-1207)
Information: The register 'inst_regfile/mem_reg[0][30]' will be removed. (OPT-1207)
Information: The register 'inst_regfile/mem_reg[0][29]' will be removed. (OPT-1207)
Information: The register 'inst_regfile/mem_reg[0][28]' will be removed. (OPT-1207)
Information: The register 'inst_regfile/mem_reg[0][27]' will be removed. (OPT-1207)
Information: The register 'inst_regfile/mem_reg[0][26]' will be removed. (OPT-1207)
Information: The register 'inst_regfile/mem_reg[0][25]' will be removed. (OPT-1207)
Information: The register 'inst_regfile/mem_reg[0][24]' will be removed. (OPT-1207)
Information: The register 'inst_regfile/mem_reg[0][23]' will be removed. (OPT-1207)
Information: The register 'inst_regfile/mem_reg[0][22]' will be removed. (OPT-1207)
Information: The register 'inst_regfile/mem_reg[0][21]' will be removed. (OPT-1207)
Information: The register 'inst_regfile/mem_reg[0][20]' will be removed. (OPT-1207)
Information: The register 'inst_regfile/mem_reg[0][19]' will be removed. (OPT-1207)
Information: The register 'inst_regfile/mem_reg[0][18]' will be removed. (OPT-1207)
Information: The register 'inst_regfile/mem_reg[0][17]' will be removed. (OPT-1207)
Information: The register 'inst_regfile/mem_reg[0][16]' will be removed. (OPT-1207)
Information: The register 'inst_regfile/mem_reg[0][15]' will be removed. (OPT-1207)
Information: The register 'inst_regfile/mem_reg[0][14]' will be removed. (OPT-1207)
Information: The register 'inst_regfile/mem_reg[0][13]' will be removed. (OPT-1207)
Information: The register 'inst_regfile/mem_reg[0][12]' will be removed. (OPT-1207)
Information: The register 'inst_regfile/mem_reg[0][11]' will be removed. (OPT-1207)
Information: The register 'inst_regfile/mem_reg[0][10]' will be removed. (OPT-1207)
Information: The register 'inst_regfile/mem_reg[0][9]' will be removed. (OPT-1207)
Information: The register 'inst_regfile/mem_reg[0][8]' will be removed. (OPT-1207)
Information: The register 'inst_regfile/mem_reg[0][7]' will be removed. (OPT-1207)
Information: The register 'inst_regfile/mem_reg[0][6]' will be removed. (OPT-1207)
Information: The register 'inst_regfile/mem_reg[0][5]' will be removed. (OPT-1207)
Information: The register 'inst_regfile/mem_reg[0][4]' will be removed. (OPT-1207)
Information: The register 'inst_regfile/mem_reg[0][3]' will be removed. (OPT-1207)
Information: The register 'inst_regfile/mem_reg[0][2]' will be removed. (OPT-1207)
Information: The register 'inst_regfile/mem_reg[0][1]' will be removed. (OPT-1207)
Information: The register 'inst_regfile/mem_reg[0][0]' will be removed. (OPT-1207)
Information: Updating design information... (UID-85)
Information: The library cell 'PMT3_LVT' in the library 'saed32lvt_tt1p05vn40c' is not characterized for internal power. (PWR-536)
Information: The library cell 'PMT2_LVT' in the library 'saed32lvt_tt1p05vn40c' is not characterized for internal power. (PWR-536)
Information: The library cell 'PMT1_LVT' in the library 'saed32lvt_tt1p05vn40c' is not characterized for internal power. (PWR-536)
Information: The library cell 'NMT3_LVT' in the library 'saed32lvt_tt1p05vn40c' is not characterized for internal power. (PWR-536)
Information: The library cell 'NMT2_LVT' in the library 'saed32lvt_tt1p05vn40c' is not characterized for internal power. (PWR-536)
Information: The library cell 'NMT1_LVT' in the library 'saed32lvt_tt1p05vn40c' is not characterized for internal power. (PWR-536)
Information: The target library(s) contains cell(s), other than black boxes, that are not characterized for internal power. (PWR-24)
Information: Removing unused design 'flipflop_S32_3'. (OPT-1055)
Information: Removing unused design 'flipflop_S32_6'. (OPT-1055)
Information: Removing unused design 'flipflop1bit_3'. (OPT-1055)
Information: Removing unused design 'flipflop1bit_4'. (OPT-1055)
Information: Removing unused design 'flipflop1bit_10'. (OPT-1055)
Information: The register 'inst_SignImm_ff_DE/temp_reg[16]' is a constant and will be removed. (OPT-1206)
Information: The register 'inst_SignImm_ff_DE/temp_reg[17]' is a constant and will be removed. (OPT-1206)
Information: The register 'inst_SignImm_ff_DE/temp_reg[18]' is a constant and will be removed. (OPT-1206)
Information: The register 'inst_SignImm_ff_DE/temp_reg[19]' is a constant and will be removed. (OPT-1206)
Information: The register 'inst_SignImm_ff_DE/temp_reg[20]' is a constant and will be removed. (OPT-1206)
Information: The register 'inst_SignImm_ff_DE/temp_reg[21]' is a constant and will be removed. (OPT-1206)
Information: The register 'inst_SignImm_ff_DE/temp_reg[22]' is a constant and will be removed. (OPT-1206)
Information: The register 'inst_SignImm_ff_DE/temp_reg[23]' is a constant and will be removed. (OPT-1206)
Information: The register 'inst_SignImm_ff_DE/temp_reg[24]' is a constant and will be removed. (OPT-1206)
Information: The register 'inst_SignImm_ff_DE/temp_reg[25]' is a constant and will be removed. (OPT-1206)
Information: The register 'inst_SignImm_ff_DE/temp_reg[26]' is a constant and will be removed. (OPT-1206)
Information: The register 'inst_SignImm_ff_DE/temp_reg[27]' is a constant and will be removed. (OPT-1206)
Information: The register 'inst_SignImm_ff_DE/temp_reg[28]' is a constant and will be removed. (OPT-1206)
Information: The register 'inst_SignImm_ff_DE/temp_reg[29]' is a constant and will be removed. (OPT-1206)
Information: The register 'inst_SignImm_ff_DE/temp_reg[30]' is a constant and will be removed. (OPT-1206)
Information: The register 'inst_SignImm_ff_DE/temp_reg[31]' is a constant and will be removed. (OPT-1206)
Information: The register 'inst_inst_ff_FD/temp_reg[31]' is a constant and will be removed. (OPT-1206)
Information: The register 'inst_dsize_ff_DE/temp_reg[2]' is a constant and will be removed. (OPT-1206)
Information: The register 'inst_dsize_ff_EM/temp_reg[2]' is a constant and will be removed. (OPT-1206)
Information: The register 'inst_regfile/mem_reg[15][0]' is a constant and will be removed. (OPT-1206)
Information: The register 'inst_ReadData2_ff_DE/temp_reg[0]' is a constant and will be removed. (OPT-1206)
Information: The register 'inst_inst_ff_FD/temp_reg[30]' is a constant and will be removed. (OPT-1206)
Information: The register 'inst_inst_ff_FD/temp_reg[0]' is a constant and will be removed. (OPT-1206)
Information: The register 'inst_SignImm_ff_DE/temp_reg[0]' is a constant and will be removed. (OPT-1206)
Information: The register 'inst_inst_ff_FD/temp_reg[1]' is a constant and will be removed. (OPT-1206)
Information: The register 'inst_SignImm_ff_DE/temp_reg[1]' is a constant and will be removed. (OPT-1206)
Information: The register 'inst_inst_ff_FD/temp_reg[2]' is a constant and will be removed. (OPT-1206)
Information: The register 'inst_SignImm_ff_DE/temp_reg[2]' is a constant and will be removed. (OPT-1206)
Information: The register 'inst_inst_ff_FD/temp_reg[3]' is a constant and will be removed. (OPT-1206)
Information: The register 'inst_SignImm_ff_DE/temp_reg[3]' is a constant and will be removed. (OPT-1206)
Information: The register 'inst_inst_ff_FD/temp_reg[4]' is a constant and will be removed. (OPT-1206)
Information: The register 'inst_SignImm_ff_DE/temp_reg[4]' is a constant and will be removed. (OPT-1206)
Information: The register 'inst_inst_ff_FD/temp_reg[5]' is a constant and will be removed. (OPT-1206)
Information: The register 'inst_SignImm_ff_DE/temp_reg[5]' is a constant and will be removed. (OPT-1206)
Information: The register 'inst_inst_ff_FD/temp_reg[6]' is a constant and will be removed. (OPT-1206)
Information: The register 'inst_SignImm_ff_DE/temp_reg[6]' is a constant and will be removed. (OPT-1206)
Information: The register 'inst_inst_ff_FD/temp_reg[7]' is a constant and will be removed. (OPT-1206)
Information: The register 'inst_SignImm_ff_DE/temp_reg[7]' is a constant and will be removed. (OPT-1206)
Information: The register 'inst_inst_ff_FD/temp_reg[8]' is a constant and will be removed. (OPT-1206)
Information: The register 'inst_SignImm_ff_DE/temp_reg[8]' is a constant and will be removed. (OPT-1206)
Information: The register 'inst_inst_ff_FD/temp_reg[9]' is a constant and will be removed. (OPT-1206)
Information: The register 'inst_SignImm_ff_DE/temp_reg[9]' is a constant and will be removed. (OPT-1206)
Information: The register 'inst_inst_ff_FD/temp_reg[10]' is a constant and will be removed. (OPT-1206)
Information: The register 'inst_SignImm_ff_DE/temp_reg[10]' is a constant and will be removed. (OPT-1206)
Information: The register 'inst_inst_ff_FD/temp_reg[11]' is a constant and will be removed. (OPT-1206)
Information: The register 'inst_inst_ff_DE/temp_reg[11]' is a constant and will be removed. (OPT-1206)
Information: The register 'inst_SignImm_ff_DE/temp_reg[11]' is a constant and will be removed. (OPT-1206)
Information: The register 'inst_inst_ff_FD/temp_reg[12]' is a constant and will be removed. (OPT-1206)
Information: The register 'inst_inst_ff_DE/temp_reg[12]' is a constant and will be removed. (OPT-1206)
Information: The register 'inst_SignImm_ff_DE/temp_reg[12]' is a constant and will be removed. (OPT-1206)
Information: The register 'inst_inst_ff_FD/temp_reg[13]' is a constant and will be removed. (OPT-1206)
Information: The register 'inst_inst_ff_DE/temp_reg[13]' is a constant and will be removed. (OPT-1206)
Information: The register 'inst_SignImm_ff_DE/temp_reg[13]' is a constant and will be removed. (OPT-1206)
Information: The register 'inst_inst_ff_FD/temp_reg[14]' is a constant and will be removed. (OPT-1206)
Information: The register 'inst_inst_ff_DE/temp_reg[14]' is a constant and will be removed. (OPT-1206)
Information: The register 'inst_SignImm_ff_DE/temp_reg[14]' is a constant and will be removed. (OPT-1206)
Information: The register 'inst_inst_ff_FD/temp_reg[15]' is a constant and will be removed. (OPT-1206)
Information: The register 'inst_inst_ff_DE/temp_reg[15]' is a constant and will be removed. (OPT-1206)
Information: The register 'inst_SignImm_ff_DE/temp_reg[15]' is a constant and will be removed. (OPT-1206)
Information: The register 'inst_inst_ff_FD/temp_reg[16]' is a constant and will be removed. (OPT-1206)
Information: The register 'inst_inst_ff_DE/temp_reg[16]' is a constant and will be removed. (OPT-1206)
Information: The register 'inst_inst_ff_FD/temp_reg[17]' is a constant and will be removed. (OPT-1206)
Information: The register 'inst_inst_ff_DE/temp_reg[17]' is a constant and will be removed. (OPT-1206)
Information: The register 'inst_inst_ff_FD/temp_reg[18]' is a constant and will be removed. (OPT-1206)
Information: The register 'inst_inst_ff_DE/temp_reg[18]' is a constant and will be removed. (OPT-1206)
Information: The register 'inst_inst_ff_FD/temp_reg[19]' is a constant and will be removed. (OPT-1206)
Information: The register 'inst_inst_ff_DE/temp_reg[19]' is a constant and will be removed. (OPT-1206)
Information: The register 'inst_inst_ff_FD/temp_reg[20]' is a constant and will be removed. (OPT-1206)
Information: The register 'inst_inst_ff_DE/temp_reg[20]' is a constant and will be removed. (OPT-1206)
Information: The register 'inst_inst_ff_FD/temp_reg[21]' is a constant and will be removed. (OPT-1206)
Information: The register 'inst_inst_ff_DE/temp_reg[21]' is a constant and will be removed. (OPT-1206)
Information: The register 'inst_inst_ff_FD/temp_reg[22]' is a constant and will be removed. (OPT-1206)
Information: The register 'inst_inst_ff_DE/temp_reg[22]' is a constant and will be removed. (OPT-1206)
Information: The register 'inst_inst_ff_FD/temp_reg[23]' is a constant and will be removed. (OPT-1206)
Information: The register 'inst_inst_ff_DE/temp_reg[23]' is a constant and will be removed. (OPT-1206)
Information: The register 'inst_inst_ff_FD/temp_reg[24]' is a constant and will be removed. (OPT-1206)
Information: The register 'inst_inst_ff_DE/temp_reg[24]' is a constant and will be removed. (OPT-1206)
Information: The register 'inst_inst_ff_FD/temp_reg[25]' is a constant and will be removed. (OPT-1206)
Information: The register 'inst_inst_ff_DE/temp_reg[25]' is a constant and will be removed. (OPT-1206)
Information: The register 'inst_inst_ff_FD/temp_reg[26]' is a constant and will be removed. (OPT-1206)
Information: The register 'inst_dsize_ff_DE/temp_reg[0]' is a constant and will be removed. (OPT-1206)
Information: The register 'inst_dsize_ff_EM/temp_reg[0]' is a constant and will be removed. (OPT-1206)
Information: The register 'inst_inst_ff_FD/temp_reg[27]' is a constant and will be removed. (OPT-1206)
Information: The register 'inst_dsize_ff_DE/temp_reg[1]' is a constant and will be removed. (OPT-1206)
Information: The register 'inst_dsize_ff_EM/temp_reg[1]' is a constant and will be removed. (OPT-1206)
Information: The register 'inst_inst_ff_FD/temp_reg[28]' is a constant and will be removed. (OPT-1206)
Information: The register 'inst_inst_ff_FD/temp_reg[29]' is a constant and will be removed. (OPT-1206)
Information: The register 'inst_ALUControl_ff_DE/temp_reg[5]' is a constant and will be removed. (OPT-1206)
Information: The register 'inst_ALUSrc_ff_DE/temp_reg' is a constant and will be removed. (OPT-1206)
Information: The register 'inst_MemToReg_ff_DE/temp_reg' is a constant and will be removed. (OPT-1206)
Information: The register 'inst_MemToReg_ff_EM/temp_reg' is a constant and will be removed. (OPT-1206)
Information: The register 'inst_MemToReg_ff_MW/temp_reg' is a constant and will be removed. (OPT-1206)
Information: The register 'inst_MemWrite_ff_DE/temp_reg' is a constant and will be removed. (OPT-1206)
Information: The register 'inst_MemWrite_ff_EM/temp_reg' is a constant and will be removed. (OPT-1206)
Information: The register 'inst_WriteReg_ff_EM/temp_reg[4]' is a constant and will be removed. (OPT-1206)
Information: The register 'inst_WriteReg_ff_MW/temp_reg[4]' is a constant and will be removed. (OPT-1206)
Information: The register 'inst_WriteReg_ff_EM/temp_reg[3]' is a constant and will be removed. (OPT-1206)
Information: The register 'inst_WriteReg_ff_MW/temp_reg[3]' is a constant and will be removed. (OPT-1206)
Information: The register 'inst_WriteReg_ff_EM/temp_reg[2]' is a constant and will be removed. (OPT-1206)
Information: The register 'inst_WriteReg_ff_MW/temp_reg[2]' is a constant and will be removed. (OPT-1206)
Information: The register 'inst_WriteReg_ff_EM/temp_reg[1]' is a constant and will be removed. (OPT-1206)
Information: The register 'inst_WriteReg_ff_MW/temp_reg[1]' is a constant and will be removed. (OPT-1206)
Information: The register 'inst_WriteReg_ff_EM/temp_reg[0]' is a constant and will be removed. (OPT-1206)
Information: The register 'inst_WriteReg_ff_MW/temp_reg[0]' is a constant and will be removed. (OPT-1206)
Information: The register 'inst_regfile/mem_reg[2][0]' is a constant and will be removed. (OPT-1206)
Information: The register 'inst_regfile/mem_reg[2][1]' is a constant and will be removed. (OPT-1206)
Information: The register 'inst_regfile/mem_reg[2][2]' is a constant and will be removed. (OPT-1206)
Information: The register 'inst_regfile/mem_reg[2][3]' is a constant and will be removed. (OPT-1206)
Information: The register 'inst_regfile/mem_reg[2][4]' is a constant and will be removed. (OPT-1206)
Information: The register 'inst_regfile/mem_reg[2][5]' is a constant and will be removed. (OPT-1206)
Information: The register 'inst_regfile/mem_reg[2][6]' is a constant and will be removed. (OPT-1206)
Information: The register 'inst_regfile/mem_reg[2][7]' is a constant and will be removed. (OPT-1206)
Information: The register 'inst_regfile/mem_reg[2][8]' is a constant and will be removed. (OPT-1206)
Information: The register 'inst_regfile/mem_reg[2][9]' is a constant and will be removed. (OPT-1206)
Information: The register 'inst_regfile/mem_reg[2][10]' is a constant and will be removed. (OPT-1206)
Information: The register 'inst_regfile/mem_reg[2][11]' is a constant and will be removed. (OPT-1206)
Information: The register 'inst_regfile/mem_reg[2][12]' is a constant and will be removed. (OPT-1206)
Information: The register 'inst_regfile/mem_reg[2][13]' is a constant and will be removed. (OPT-1206)
Information: The register 'inst_regfile/mem_reg[2][14]' is a constant and will be removed. (OPT-1206)
Information: The register 'inst_regfile/mem_reg[2][15]' is a constant and will be removed. (OPT-1206)
Information: The register 'inst_regfile/mem_reg[2][16]' is a constant and will be removed. (OPT-1206)
Information: The register 'inst_regfile/mem_reg[2][17]' is a constant and will be removed. (OPT-1206)
Information: The register 'inst_regfile/mem_reg[2][18]' is a constant and will be removed. (OPT-1206)
Information: The register 'inst_regfile/mem_reg[2][19]' is a constant and will be removed. (OPT-1206)
Information: The register 'inst_regfile/mem_reg[2][20]' is a constant and will be removed. (OPT-1206)
Information: The register 'inst_regfile/mem_reg[2][21]' is a constant and will be removed. (OPT-1206)
Information: The register 'inst_regfile/mem_reg[2][22]' is a constant and will be removed. (OPT-1206)
Information: The register 'inst_regfile/mem_reg[2][23]' is a constant and will be removed. (OPT-1206)
Information: The register 'inst_regfile/mem_reg[2][24]' is a constant and will be removed. (OPT-1206)
Information: The register 'inst_regfile/mem_reg[2][25]' is a constant and will be removed. (OPT-1206)
Information: The register 'inst_regfile/mem_reg[2][26]' is a constant and will be removed. (OPT-1206)
Information: The register 'inst_regfile/mem_reg[2][27]' is a constant and will be removed. (OPT-1206)
Information: The register 'inst_regfile/mem_reg[2][28]' is a constant and will be removed. (OPT-1206)
Information: The register 'inst_regfile/mem_reg[2][29]' is a constant and will be removed. (OPT-1206)
Information: The register 'inst_regfile/mem_reg[2][30]' is a constant and will be removed. (OPT-1206)
Information: The register 'inst_regfile/mem_reg[2][31]' is a constant and will be removed. (OPT-1206)
Information: The register 'inst_regfile/mem_reg[4][0]' is a constant and will be removed. (OPT-1206)
Information: The register 'inst_regfile/mem_reg[4][1]' is a constant and will be removed. (OPT-1206)
Information: The register 'inst_regfile/mem_reg[4][2]' is a constant and will be removed. (OPT-1206)
Information: The register 'inst_regfile/mem_reg[4][3]' is a constant and will be removed. (OPT-1206)
Information: The register 'inst_regfile/mem_reg[4][4]' is a constant and will be removed. (OPT-1206)
Information: The register 'inst_regfile/mem_reg[4][5]' is a constant and will be removed. (OPT-1206)
Information: The register 'inst_regfile/mem_reg[4][6]' is a constant and will be removed. (OPT-1206)
Information: The register 'inst_regfile/mem_reg[4][7]' is a constant and will be removed. (OPT-1206)
Information: The register 'inst_regfile/mem_reg[4][8]' is a constant and will be removed. (OPT-1206)
Information: The register 'inst_regfile/mem_reg[4][9]' is a constant and will be removed. (OPT-1206)
Information: The register 'inst_regfile/mem_reg[4][10]' is a constant and will be removed. (OPT-1206)
Information: The register 'inst_regfile/mem_reg[4][11]' is a constant and will be removed. (OPT-1206)
Information: The register 'inst_regfile/mem_reg[4][12]' is a constant and will be removed. (OPT-1206)
Information: The register 'inst_regfile/mem_reg[4][13]' is a constant and will be removed. (OPT-1206)
Information: The register 'inst_regfile/mem_reg[4][14]' is a constant and will be removed. (OPT-1206)
Information: The register 'inst_regfile/mem_reg[4][15]' is a constant and will be removed. (OPT-1206)
Information: The register 'inst_regfile/mem_reg[4][16]' is a constant and will be removed. (OPT-1206)
Information: The register 'inst_regfile/mem_reg[4][17]' is a constant and will be removed. (OPT-1206)
Information: The register 'inst_regfile/mem_reg[4][18]' is a constant and will be removed. (OPT-1206)
Information: The register 'inst_regfile/mem_reg[4][19]' is a constant and will be removed. (OPT-1206)
Information: The register 'inst_regfile/mem_reg[4][20]' is a constant and will be removed. (OPT-1206)
Information: The register 'inst_regfile/mem_reg[4][21]' is a constant and will be removed. (OPT-1206)
Information: The register 'inst_regfile/mem_reg[4][22]' is a constant and will be removed. (OPT-1206)
Information: The register 'inst_regfile/mem_reg[4][23]' is a constant and will be removed. (OPT-1206)
Information: The register 'inst_regfile/mem_reg[4][24]' is a constant and will be removed. (OPT-1206)
Information: The register 'inst_regfile/mem_reg[4][25]' is a constant and will be removed. (OPT-1206)
Information: The register 'inst_regfile/mem_reg[4][26]' is a constant and will be removed. (OPT-1206)
Information: The register 'inst_regfile/mem_reg[4][27]' is a constant and will be removed. (OPT-1206)
Information: The register 'inst_regfile/mem_reg[4][28]' is a constant and will be removed. (OPT-1206)
Information: The register 'inst_regfile/mem_reg[4][29]' is a constant and will be removed. (OPT-1206)
Information: The register 'inst_regfile/mem_reg[4][30]' is a constant and will be removed. (OPT-1206)
Information: The register 'inst_regfile/mem_reg[4][31]' is a constant and will be removed. (OPT-1206)
Information: The register 'inst_regfile/mem_reg[6][0]' is a constant and will be removed. (OPT-1206)
Information: The register 'inst_regfile/mem_reg[6][1]' is a constant and will be removed. (OPT-1206)
Information: The register 'inst_regfile/mem_reg[6][2]' is a constant and will be removed. (OPT-1206)
Information: The register 'inst_regfile/mem_reg[6][3]' is a constant and will be removed. (OPT-1206)
Information: The register 'inst_regfile/mem_reg[6][4]' is a constant and will be removed. (OPT-1206)
Information: The register 'inst_regfile/mem_reg[6][5]' is a constant and will be removed. (OPT-1206)
Information: The register 'inst_regfile/mem_reg[6][6]' is a constant and will be removed. (OPT-1206)
Information: The register 'inst_regfile/mem_reg[6][7]' is a constant and will be removed. (OPT-1206)
Information: The register 'inst_regfile/mem_reg[6][8]' is a constant and will be removed. (OPT-1206)
Information: The register 'inst_regfile/mem_reg[6][9]' is a constant and will be removed. (OPT-1206)
Information: The register 'inst_regfile/mem_reg[6][10]' is a constant and will be removed. (OPT-1206)
Information: The register 'inst_regfile/mem_reg[6][11]' is a constant and will be removed. (OPT-1206)
Information: The register 'inst_regfile/mem_reg[6][12]' is a constant and will be removed. (OPT-1206)
Information: The register 'inst_regfile/mem_reg[6][13]' is a constant and will be removed. (OPT-1206)
Information: The register 'inst_regfile/mem_reg[6][14]' is a constant and will be removed. (OPT-1206)
Information: The register 'inst_regfile/mem_reg[6][15]' is a constant and will be removed. (OPT-1206)
Information: The register 'inst_regfile/mem_reg[6][16]' is a constant and will be removed. (OPT-1206)
Information: The register 'inst_regfile/mem_reg[6][17]' is a constant and will be removed. (OPT-1206)
Information: The register 'inst_regfile/mem_reg[6][18]' is a constant and will be removed. (OPT-1206)
Information: The register 'inst_regfile/mem_reg[6][19]' is a constant and will be removed. (OPT-1206)
Information: The register 'inst_regfile/mem_reg[6][20]' is a constant and will be removed. (OPT-1206)
Information: The register 'inst_regfile/mem_reg[6][21]' is a constant and will be removed. (OPT-1206)
Information: The register 'inst_regfile/mem_reg[6][22]' is a constant and will be removed. (OPT-1206)
Information: The register 'inst_regfile/mem_reg[6][23]' is a constant and will be removed. (OPT-1206)
Information: The register 'inst_regfile/mem_reg[6][24]' is a constant and will be removed. (OPT-1206)
Information: The register 'inst_regfile/mem_reg[6][25]' is a constant and will be removed. (OPT-1206)
Information: The register 'inst_regfile/mem_reg[6][26]' is a constant and will be removed. (OPT-1206)
Information: The register 'inst_regfile/mem_reg[6][27]' is a constant and will be removed. (OPT-1206)
Information: The register 'inst_regfile/mem_reg[6][28]' is a constant and will be removed. (OPT-1206)
Information: The register 'inst_regfile/mem_reg[6][29]' is a constant and will be removed. (OPT-1206)
Information: The register 'inst_regfile/mem_reg[6][30]' is a constant and will be removed. (OPT-1206)
Information: The register 'inst_regfile/mem_reg[6][31]' is a constant and will be removed. (OPT-1206)
Information: The register 'inst_regfile/mem_reg[8][0]' is a constant and will be removed. (OPT-1206)
Information: The register 'inst_regfile/mem_reg[8][1]' is a constant and will be removed. (OPT-1206)
Information: The register 'inst_regfile/mem_reg[8][2]' is a constant and will be removed. (OPT-1206)
Information: The register 'inst_regfile/mem_reg[8][3]' is a constant and will be removed. (OPT-1206)
Information: The register 'inst_regfile/mem_reg[8][4]' is a constant and will be removed. (OPT-1206)
Information: The register 'inst_regfile/mem_reg[8][5]' is a constant and will be removed. (OPT-1206)
Information: The register 'inst_regfile/mem_reg[8][6]' is a constant and will be removed. (OPT-1206)
Information: The register 'inst_regfile/mem_reg[8][7]' is a constant and will be removed. (OPT-1206)
Information: The register 'inst_regfile/mem_reg[8][8]' is a constant and will be removed. (OPT-1206)
Information: The register 'inst_regfile/mem_reg[8][9]' is a constant and will be removed. (OPT-1206)
Information: The register 'inst_regfile/mem_reg[8][10]' is a constant and will be removed. (OPT-1206)
Information: The register 'inst_regfile/mem_reg[8][11]' is a constant and will be removed. (OPT-1206)
Information: The register 'inst_regfile/mem_reg[8][12]' is a constant and will be removed. (OPT-1206)
Information: The register 'inst_regfile/mem_reg[8][13]' is a constant and will be removed. (OPT-1206)
Information: The register 'inst_regfile/mem_reg[8][14]' is a constant and will be removed. (OPT-1206)
Information: The register 'inst_regfile/mem_reg[8][15]' is a constant and will be removed. (OPT-1206)
Information: The register 'inst_regfile/mem_reg[8][16]' is a constant and will be removed. (OPT-1206)
Information: The register 'inst_regfile/mem_reg[8][17]' is a constant and will be removed. (OPT-1206)
Information: The register 'inst_regfile/mem_reg[8][18]' is a constant and will be removed. (OPT-1206)
Information: The register 'inst_regfile/mem_reg[8][19]' is a constant and will be removed. (OPT-1206)
Information: The register 'inst_regfile/mem_reg[8][20]' is a constant and will be removed. (OPT-1206)
Information: The register 'inst_regfile/mem_reg[8][21]' is a constant and will be removed. (OPT-1206)
Information: The register 'inst_regfile/mem_reg[8][22]' is a constant and will be removed. (OPT-1206)
Information: The register 'inst_regfile/mem_reg[8][23]' is a constant and will be removed. (OPT-1206)
Information: The register 'inst_regfile/mem_reg[8][24]' is a constant and will be removed. (OPT-1206)
Information: The register 'inst_regfile/mem_reg[8][25]' is a constant and will be removed. (OPT-1206)
Information: The register 'inst_regfile/mem_reg[8][26]' is a constant and will be removed. (OPT-1206)
Information: The register 'inst_regfile/mem_reg[8][27]' is a constant and will be removed. (OPT-1206)
Information: The register 'inst_regfile/mem_reg[8][28]' is a constant and will be removed. (OPT-1206)
Information: The register 'inst_regfile/mem_reg[8][29]' is a constant and will be removed. (OPT-1206)
Information: The register 'inst_regfile/mem_reg[8][30]' is a constant and will be removed. (OPT-1206)
Information: The register 'inst_regfile/mem_reg[8][31]' is a constant and will be removed. (OPT-1206)
Information: The register 'inst_regfile/mem_reg[10][0]' is a constant and will be removed. (OPT-1206)
Information: The register 'inst_regfile/mem_reg[10][1]' is a constant and will be removed. (OPT-1206)
Information: The register 'inst_regfile/mem_reg[10][2]' is a constant and will be removed. (OPT-1206)
Information: The register 'inst_regfile/mem_reg[10][3]' is a constant and will be removed. (OPT-1206)
Information: The register 'inst_regfile/mem_reg[10][4]' is a constant and will be removed. (OPT-1206)
Information: The register 'inst_regfile/mem_reg[10][5]' is a constant and will be removed. (OPT-1206)
Information: The register 'inst_regfile/mem_reg[10][6]' is a constant and will be removed. (OPT-1206)
Information: The register 'inst_regfile/mem_reg[10][7]' is a constant and will be removed. (OPT-1206)
Information: The register 'inst_regfile/mem_reg[10][8]' is a constant and will be removed. (OPT-1206)
Information: The register 'inst_regfile/mem_reg[10][9]' is a constant and will be removed. (OPT-1206)
Information: The register 'inst_regfile/mem_reg[10][10]' is a constant and will be removed. (OPT-1206)
Information: The register 'inst_regfile/mem_reg[10][11]' is a constant and will be removed. (OPT-1206)
Information: The register 'inst_regfile/mem_reg[10][12]' is a constant and will be removed. (OPT-1206)
Information: The register 'inst_regfile/mem_reg[10][13]' is a constant and will be removed. (OPT-1206)
Information: The register 'inst_regfile/mem_reg[10][14]' is a constant and will be removed. (OPT-1206)
Information: The register 'inst_regfile/mem_reg[10][15]' is a constant and will be removed. (OPT-1206)
Information: The register 'inst_regfile/mem_reg[10][16]' is a constant and will be removed. (OPT-1206)
Information: The register 'inst_regfile/mem_reg[10][17]' is a constant and will be removed. (OPT-1206)
Information: The register 'inst_regfile/mem_reg[10][18]' is a constant and will be removed. (OPT-1206)
Information: The register 'inst_regfile/mem_reg[10][19]' is a constant and will be removed. (OPT-1206)
Information: The register 'inst_regfile/mem_reg[10][20]' is a constant and will be removed. (OPT-1206)
Information: The register 'inst_regfile/mem_reg[10][21]' is a constant and will be removed. (OPT-1206)
Information: The register 'inst_regfile/mem_reg[10][22]' is a constant and will be removed. (OPT-1206)
Information: The register 'inst_regfile/mem_reg[10][23]' is a constant and will be removed. (OPT-1206)
Information: The register 'inst_regfile/mem_reg[10][24]' is a constant and will be removed. (OPT-1206)
Information: The register 'inst_regfile/mem_reg[10][25]' is a constant and will be removed. (OPT-1206)
Information: The register 'inst_regfile/mem_reg[10][26]' is a constant and will be removed. (OPT-1206)
Information: The register 'inst_regfile/mem_reg[10][27]' is a constant and will be removed. (OPT-1206)
Information: The register 'inst_regfile/mem_reg[10][28]' is a constant and will be removed. (OPT-1206)
Information: The register 'inst_regfile/mem_reg[10][29]' is a constant and will be removed. (OPT-1206)
Information: The register 'inst_regfile/mem_reg[10][30]' is a constant and will be removed. (OPT-1206)
Information: The register 'inst_regfile/mem_reg[10][31]' is a constant and will be removed. (OPT-1206)
Information: The register 'inst_regfile/mem_reg[12][0]' is a constant and will be removed. (OPT-1206)
Information: The register 'inst_regfile/mem_reg[12][1]' is a constant and will be removed. (OPT-1206)
Information: The register 'inst_regfile/mem_reg[12][2]' is a constant and will be removed. (OPT-1206)
Information: The register 'inst_regfile/mem_reg[12][3]' is a constant and will be removed. (OPT-1206)
Information: The register 'inst_regfile/mem_reg[12][4]' is a constant and will be removed. (OPT-1206)
Information: The register 'inst_regfile/mem_reg[12][5]' is a constant and will be removed. (OPT-1206)
Information: The register 'inst_regfile/mem_reg[12][6]' is a constant and will be removed. (OPT-1206)
Information: The register 'inst_regfile/mem_reg[12][7]' is a constant and will be removed. (OPT-1206)
Information: The register 'inst_regfile/mem_reg[12][8]' is a constant and will be removed. (OPT-1206)
Information: The register 'inst_regfile/mem_reg[12][9]' is a constant and will be removed. (OPT-1206)
Information: The register 'inst_regfile/mem_reg[12][10]' is a constant and will be removed. (OPT-1206)
Information: The register 'inst_regfile/mem_reg[12][11]' is a constant and will be removed. (OPT-1206)
Information: The register 'inst_regfile/mem_reg[12][12]' is a constant and will be removed. (OPT-1206)
Information: The register 'inst_regfile/mem_reg[12][13]' is a constant and will be removed. (OPT-1206)
Information: The register 'inst_regfile/mem_reg[12][14]' is a constant and will be removed. (OPT-1206)
Information: The register 'inst_regfile/mem_reg[12][15]' is a constant and will be removed. (OPT-1206)
Information: The register 'inst_regfile/mem_reg[12][16]' is a constant and will be removed. (OPT-1206)
Information: The register 'inst_regfile/mem_reg[12][17]' is a constant and will be removed. (OPT-1206)
Information: The register 'inst_regfile/mem_reg[12][18]' is a constant and will be removed. (OPT-1206)
Information: The register 'inst_regfile/mem_reg[12][19]' is a constant and will be removed. (OPT-1206)
Information: The register 'inst_regfile/mem_reg[12][20]' is a constant and will be removed. (OPT-1206)
Information: The register 'inst_regfile/mem_reg[12][21]' is a constant and will be removed. (OPT-1206)
Information: The register 'inst_regfile/mem_reg[12][22]' is a constant and will be removed. (OPT-1206)
Information: The register 'inst_regfile/mem_reg[12][23]' is a constant and will be removed. (OPT-1206)
Information: The register 'inst_regfile/mem_reg[12][24]' is a constant and will be removed. (OPT-1206)
Information: The register 'inst_regfile/mem_reg[12][25]' is a constant and will be removed. (OPT-1206)
Information: The register 'inst_regfile/mem_reg[12][26]' is a constant and will be removed. (OPT-1206)
Information: The register 'inst_regfile/mem_reg[12][27]' is a constant and will be removed. (OPT-1206)
Information: The register 'inst_regfile/mem_reg[12][28]' is a constant and will be removed. (OPT-1206)
Information: The register 'inst_regfile/mem_reg[12][29]' is a constant and will be removed. (OPT-1206)
Information: The register 'inst_regfile/mem_reg[12][30]' is a constant and will be removed. (OPT-1206)
Information: The register 'inst_regfile/mem_reg[12][31]' is a constant and will be removed. (OPT-1206)
Information: The register 'inst_regfile/mem_reg[14][0]' is a constant and will be removed. (OPT-1206)
Information: The register 'inst_regfile/mem_reg[14][1]' is a constant and will be removed. (OPT-1206)
Information: The register 'inst_regfile/mem_reg[14][2]' is a constant and will be removed. (OPT-1206)
Information: The register 'inst_regfile/mem_reg[14][3]' is a constant and will be removed. (OPT-1206)
Information: The register 'inst_regfile/mem_reg[14][4]' is a constant and will be removed. (OPT-1206)
Information: The register 'inst_regfile/mem_reg[14][5]' is a constant and will be removed. (OPT-1206)
Information: The register 'inst_regfile/mem_reg[14][6]' is a constant and will be removed. (OPT-1206)
Information: The register 'inst_regfile/mem_reg[14][7]' is a constant and will be removed. (OPT-1206)
Information: The register 'inst_regfile/mem_reg[14][8]' is a constant and will be removed. (OPT-1206)
Information: The register 'inst_regfile/mem_reg[14][9]' is a constant and will be removed. (OPT-1206)
Information: The register 'inst_regfile/mem_reg[14][10]' is a constant and will be removed. (OPT-1206)
Information: The register 'inst_regfile/mem_reg[14][11]' is a constant and will be removed. (OPT-1206)
Information: The register 'inst_regfile/mem_reg[14][12]' is a constant and will be removed. (OPT-1206)
Information: The register 'inst_regfile/mem_reg[14][13]' is a constant and will be removed. (OPT-1206)
Information: The register 'inst_regfile/mem_reg[14][14]' is a constant and will be removed. (OPT-1206)
Information: The register 'inst_regfile/mem_reg[14][15]' is a constant and will be removed. (OPT-1206)
Information: The register 'inst_regfile/mem_reg[14][16]' is a constant and will be removed. (OPT-1206)
Information: The register 'inst_regfile/mem_reg[14][17]' is a constant and will be removed. (OPT-1206)
Information: The register 'inst_regfile/mem_reg[14][18]' is a constant and will be removed. (OPT-1206)
Information: The register 'inst_regfile/mem_reg[14][19]' is a constant and will be removed. (OPT-1206)
Information: The register 'inst_regfile/mem_reg[14][20]' is a constant and will be removed. (OPT-1206)
Information: The register 'inst_regfile/mem_reg[14][21]' is a constant and will be removed. (OPT-1206)
Information: The register 'inst_regfile/mem_reg[14][22]' is a constant and will be removed. (OPT-1206)
Information: The register 'inst_regfile/mem_reg[14][23]' is a constant and will be removed. (OPT-1206)
Information: The register 'inst_regfile/mem_reg[14][24]' is a constant and will be removed. (OPT-1206)
Information: The register 'inst_regfile/mem_reg[14][25]' is a constant and will be removed. (OPT-1206)
Information: The register 'inst_regfile/mem_reg[14][26]' is a constant and will be removed. (OPT-1206)
Information: The register 'inst_regfile/mem_reg[14][27]' is a constant and will be removed. (OPT-1206)
Information: The register 'inst_regfile/mem_reg[14][28]' is a constant and will be removed. (OPT-1206)
Information: The register 'inst_regfile/mem_reg[14][29]' is a constant and will be removed. (OPT-1206)
Information: The register 'inst_regfile/mem_reg[14][30]' is a constant and will be removed. (OPT-1206)
Information: The register 'inst_regfile/mem_reg[14][31]' is a constant and will be removed. (OPT-1206)
Information: The register 'inst_regfile/mem_reg[1][0]' is a constant and will be removed. (OPT-1206)
Information: The register 'inst_regfile/mem_reg[1][1]' is a constant and will be removed. (OPT-1206)
Information: The register 'inst_regfile/mem_reg[1][2]' is a constant and will be removed. (OPT-1206)
Information: The register 'inst_regfile/mem_reg[1][3]' is a constant and will be removed. (OPT-1206)
Information: The register 'inst_regfile/mem_reg[1][4]' is a constant and will be removed. (OPT-1206)
Information: The register 'inst_regfile/mem_reg[1][5]' is a constant and will be removed. (OPT-1206)
Information: The register 'inst_regfile/mem_reg[1][6]' is a constant and will be removed. (OPT-1206)
Information: The register 'inst_regfile/mem_reg[1][7]' is a constant and will be removed. (OPT-1206)
Information: The register 'inst_regfile/mem_reg[1][8]' is a constant and will be removed. (OPT-1206)
Information: The register 'inst_regfile/mem_reg[1][9]' is a constant and will be removed. (OPT-1206)
Information: The register 'inst_regfile/mem_reg[1][10]' is a constant and will be removed. (OPT-1206)
Information: The register 'inst_regfile/mem_reg[1][11]' is a constant and will be removed. (OPT-1206)
Information: The register 'inst_regfile/mem_reg[1][12]' is a constant and will be removed. (OPT-1206)
Information: The register 'inst_regfile/mem_reg[1][13]' is a constant and will be removed. (OPT-1206)
Information: The register 'inst_regfile/mem_reg[1][14]' is a constant and will be removed. (OPT-1206)
Information: The register 'inst_regfile/mem_reg[1][15]' is a constant and will be removed. (OPT-1206)
Information: The register 'inst_regfile/mem_reg[1][16]' is a constant and will be removed. (OPT-1206)
Information: The register 'inst_regfile/mem_reg[1][17]' is a constant and will be removed. (OPT-1206)
Information: The register 'inst_regfile/mem_reg[1][18]' is a constant and will be removed. (OPT-1206)
Information: The register 'inst_regfile/mem_reg[1][19]' is a constant and will be removed. (OPT-1206)
Information: The register 'inst_regfile/mem_reg[1][20]' is a constant and will be removed. (OPT-1206)
Information: The register 'inst_regfile/mem_reg[1][21]' is a constant and will be removed. (OPT-1206)
Information: The register 'inst_regfile/mem_reg[1][22]' is a constant and will be removed. (OPT-1206)
Information: The register 'inst_regfile/mem_reg[1][23]' is a constant and will be removed. (OPT-1206)
Information: The register 'inst_regfile/mem_reg[1][24]' is a constant and will be removed. (OPT-1206)
Information: The register 'inst_regfile/mem_reg[1][25]' is a constant and will be removed. (OPT-1206)
Information: The register 'inst_regfile/mem_reg[1][26]' is a constant and will be removed. (OPT-1206)
Information: The register 'inst_regfile/mem_reg[1][27]' is a constant and will be removed. (OPT-1206)
Information: The register 'inst_regfile/mem_reg[1][28]' is a constant and will be removed. (OPT-1206)
Information: The register 'inst_regfile/mem_reg[1][29]' is a constant and will be removed. (OPT-1206)
Information: The register 'inst_regfile/mem_reg[1][30]' is a constant and will be removed. (OPT-1206)
Information: The register 'inst_regfile/mem_reg[1][31]' is a constant and will be removed. (OPT-1206)
Information: The register 'inst_regfile/mem_reg[3][0]' is a constant and will be removed. (OPT-1206)
Information: The register 'inst_regfile/mem_reg[3][1]' is a constant and will be removed. (OPT-1206)
Information: The register 'inst_regfile/mem_reg[3][2]' is a constant and will be removed. (OPT-1206)
Information: The register 'inst_regfile/mem_reg[3][3]' is a constant and will be removed. (OPT-1206)
Information: The register 'inst_regfile/mem_reg[3][4]' is a constant and will be removed. (OPT-1206)
Information: The register 'inst_regfile/mem_reg[3][5]' is a constant and will be removed. (OPT-1206)
Information: The register 'inst_regfile/mem_reg[3][6]' is a constant and will be removed. (OPT-1206)
Information: The register 'inst_regfile/mem_reg[3][7]' is a constant and will be removed. (OPT-1206)
Information: The register 'inst_regfile/mem_reg[3][8]' is a constant and will be removed. (OPT-1206)
Information: The register 'inst_regfile/mem_reg[3][9]' is a constant and will be removed. (OPT-1206)
Information: The register 'inst_regfile/mem_reg[3][10]' is a constant and will be removed. (OPT-1206)
Information: The register 'inst_regfile/mem_reg[3][11]' is a constant and will be removed. (OPT-1206)
Information: The register 'inst_regfile/mem_reg[3][12]' is a constant and will be removed. (OPT-1206)
Information: The register 'inst_regfile/mem_reg[3][13]' is a constant and will be removed. (OPT-1206)
Information: The register 'inst_regfile/mem_reg[3][14]' is a constant and will be removed. (OPT-1206)
Information: The register 'inst_regfile/mem_reg[3][15]' is a constant and will be removed. (OPT-1206)
Information: The register 'inst_regfile/mem_reg[3][16]' is a constant and will be removed. (OPT-1206)
Information: The register 'inst_regfile/mem_reg[3][17]' is a constant and will be removed. (OPT-1206)
Information: The register 'inst_regfile/mem_reg[3][18]' is a constant and will be removed. (OPT-1206)
Information: The register 'inst_regfile/mem_reg[3][19]' is a constant and will be removed. (OPT-1206)
Information: The register 'inst_regfile/mem_reg[3][20]' is a constant and will be removed. (OPT-1206)
Information: The register 'inst_regfile/mem_reg[3][21]' is a constant and will be removed. (OPT-1206)
Information: The register 'inst_regfile/mem_reg[3][22]' is a constant and will be removed. (OPT-1206)
Information: The register 'inst_regfile/mem_reg[3][23]' is a constant and will be removed. (OPT-1206)
Information: The register 'inst_regfile/mem_reg[3][24]' is a constant and will be removed. (OPT-1206)
Information: The register 'inst_regfile/mem_reg[3][25]' is a constant and will be removed. (OPT-1206)
Information: The register 'inst_regfile/mem_reg[3][26]' is a constant and will be removed. (OPT-1206)
Information: The register 'inst_regfile/mem_reg[3][27]' is a constant and will be removed. (OPT-1206)
Information: The register 'inst_regfile/mem_reg[3][28]' is a constant and will be removed. (OPT-1206)
Information: The register 'inst_regfile/mem_reg[3][29]' is a constant and will be removed. (OPT-1206)
Information: The register 'inst_regfile/mem_reg[3][30]' is a constant and will be removed. (OPT-1206)
Information: The register 'inst_regfile/mem_reg[3][31]' is a constant and will be removed. (OPT-1206)
Information: The register 'inst_regfile/mem_reg[5][0]' is a constant and will be removed. (OPT-1206)
Information: The register 'inst_regfile/mem_reg[5][1]' is a constant and will be removed. (OPT-1206)
Information: The register 'inst_regfile/mem_reg[5][2]' is a constant and will be removed. (OPT-1206)
Information: The register 'inst_regfile/mem_reg[5][3]' is a constant and will be removed. (OPT-1206)
Information: The register 'inst_regfile/mem_reg[5][4]' is a constant and will be removed. (OPT-1206)
Information: The register 'inst_regfile/mem_reg[5][5]' is a constant and will be removed. (OPT-1206)
Information: The register 'inst_regfile/mem_reg[5][6]' is a constant and will be removed. (OPT-1206)
Information: The register 'inst_regfile/mem_reg[5][7]' is a constant and will be removed. (OPT-1206)
Information: The register 'inst_regfile/mem_reg[5][8]' is a constant and will be removed. (OPT-1206)
Information: The register 'inst_regfile/mem_reg[5][9]' is a constant and will be removed. (OPT-1206)
Information: The register 'inst_regfile/mem_reg[5][10]' is a constant and will be removed. (OPT-1206)
Information: The register 'inst_regfile/mem_reg[5][11]' is a constant and will be removed. (OPT-1206)
Information: The register 'inst_regfile/mem_reg[5][12]' is a constant and will be removed. (OPT-1206)
Information: The register 'inst_regfile/mem_reg[5][13]' is a constant and will be removed. (OPT-1206)
Information: The register 'inst_regfile/mem_reg[5][14]' is a constant and will be removed. (OPT-1206)
Information: The register 'inst_regfile/mem_reg[5][15]' is a constant and will be removed. (OPT-1206)
Information: The register 'inst_regfile/mem_reg[5][16]' is a constant and will be removed. (OPT-1206)
Information: The register 'inst_regfile/mem_reg[5][17]' is a constant and will be removed. (OPT-1206)
Information: The register 'inst_regfile/mem_reg[5][18]' is a constant and will be removed. (OPT-1206)
Information: The register 'inst_regfile/mem_reg[5][19]' is a constant and will be removed. (OPT-1206)
Information: The register 'inst_regfile/mem_reg[5][20]' is a constant and will be removed. (OPT-1206)
Information: The register 'inst_regfile/mem_reg[5][21]' is a constant and will be removed. (OPT-1206)
Information: The register 'inst_regfile/mem_reg[5][22]' is a constant and will be removed. (OPT-1206)
Information: The register 'inst_regfile/mem_reg[5][23]' is a constant and will be removed. (OPT-1206)
Information: The register 'inst_regfile/mem_reg[5][24]' is a constant and will be removed. (OPT-1206)
Information: The register 'inst_regfile/mem_reg[5][25]' is a constant and will be removed. (OPT-1206)
Information: The register 'inst_regfile/mem_reg[5][26]' is a constant and will be removed. (OPT-1206)
Information: The register 'inst_regfile/mem_reg[5][27]' is a constant and will be removed. (OPT-1206)
Information: The register 'inst_regfile/mem_reg[5][28]' is a constant and will be removed. (OPT-1206)
Information: The register 'inst_regfile/mem_reg[5][29]' is a constant and will be removed. (OPT-1206)
Information: The register 'inst_regfile/mem_reg[5][30]' is a constant and will be removed. (OPT-1206)
Information: The register 'inst_regfile/mem_reg[5][31]' is a constant and will be removed. (OPT-1206)
Information: The register 'inst_regfile/mem_reg[7][0]' is a constant and will be removed. (OPT-1206)
Information: The register 'inst_regfile/mem_reg[7][1]' is a constant and will be removed. (OPT-1206)
Information: The register 'inst_regfile/mem_reg[7][2]' is a constant and will be removed. (OPT-1206)
Information: The register 'inst_regfile/mem_reg[7][3]' is a constant and will be removed. (OPT-1206)
Information: The register 'inst_regfile/mem_reg[7][4]' is a constant and will be removed. (OPT-1206)
Information: The register 'inst_regfile/mem_reg[7][5]' is a constant and will be removed. (OPT-1206)
Information: The register 'inst_regfile/mem_reg[7][6]' is a constant and will be removed. (OPT-1206)
Information: The register 'inst_regfile/mem_reg[7][7]' is a constant and will be removed. (OPT-1206)
Information: The register 'inst_regfile/mem_reg[7][8]' is a constant and will be removed. (OPT-1206)
Information: The register 'inst_regfile/mem_reg[7][9]' is a constant and will be removed. (OPT-1206)
Information: The register 'inst_regfile/mem_reg[7][10]' is a constant and will be removed. (OPT-1206)
Information: The register 'inst_regfile/mem_reg[7][11]' is a constant and will be removed. (OPT-1206)
Information: The register 'inst_regfile/mem_reg[7][12]' is a constant and will be removed. (OPT-1206)
Information: The register 'inst_regfile/mem_reg[7][13]' is a constant and will be removed. (OPT-1206)
Information: The register 'inst_regfile/mem_reg[7][14]' is a constant and will be removed. (OPT-1206)
Information: The register 'inst_regfile/mem_reg[7][15]' is a constant and will be removed. (OPT-1206)
Information: The register 'inst_regfile/mem_reg[7][16]' is a constant and will be removed. (OPT-1206)
Information: The register 'inst_regfile/mem_reg[7][17]' is a constant and will be removed. (OPT-1206)
Information: The register 'inst_regfile/mem_reg[7][18]' is a constant and will be removed. (OPT-1206)
Information: The register 'inst_regfile/mem_reg[7][19]' is a constant and will be removed. (OPT-1206)
Information: The register 'inst_regfile/mem_reg[7][20]' is a constant and will be removed. (OPT-1206)
Information: The register 'inst_regfile/mem_reg[7][21]' is a constant and will be removed. (OPT-1206)
Information: The register 'inst_regfile/mem_reg[7][22]' is a constant and will be removed. (OPT-1206)
Information: The register 'inst_regfile/mem_reg[7][23]' is a constant and will be removed. (OPT-1206)
Information: The register 'inst_regfile/mem_reg[7][24]' is a constant and will be removed. (OPT-1206)
Information: The register 'inst_regfile/mem_reg[7][25]' is a constant and will be removed. (OPT-1206)
Information: The register 'inst_regfile/mem_reg[7][26]' is a constant and will be removed. (OPT-1206)
Information: The register 'inst_regfile/mem_reg[7][27]' is a constant and will be removed. (OPT-1206)
Information: The register 'inst_regfile/mem_reg[7][28]' is a constant and will be removed. (OPT-1206)
Information: The register 'inst_regfile/mem_reg[7][29]' is a constant and will be removed. (OPT-1206)
Information: The register 'inst_regfile/mem_reg[7][30]' is a constant and will be removed. (OPT-1206)
Information: The register 'inst_regfile/mem_reg[7][31]' is a constant and will be removed. (OPT-1206)
Information: The register 'inst_regfile/mem_reg[9][0]' is a constant and will be removed. (OPT-1206)
Information: The register 'inst_regfile/mem_reg[9][1]' is a constant and will be removed. (OPT-1206)
Information: The register 'inst_regfile/mem_reg[9][2]' is a constant and will be removed. (OPT-1206)
Information: The register 'inst_regfile/mem_reg[9][3]' is a constant and will be removed. (OPT-1206)
Information: The register 'inst_regfile/mem_reg[9][4]' is a constant and will be removed. (OPT-1206)
Information: The register 'inst_regfile/mem_reg[9][5]' is a constant and will be removed. (OPT-1206)
Information: The register 'inst_regfile/mem_reg[9][6]' is a constant and will be removed. (OPT-1206)
Information: The register 'inst_regfile/mem_reg[9][7]' is a constant and will be removed. (OPT-1206)
Information: The register 'inst_regfile/mem_reg[9][8]' is a constant and will be removed. (OPT-1206)
Information: The register 'inst_regfile/mem_reg[9][9]' is a constant and will be removed. (OPT-1206)
Information: The register 'inst_regfile/mem_reg[9][10]' is a constant and will be removed. (OPT-1206)
Information: The register 'inst_regfile/mem_reg[9][11]' is a constant and will be removed. (OPT-1206)
Information: The register 'inst_regfile/mem_reg[9][12]' is a constant and will be removed. (OPT-1206)
Information: The register 'inst_regfile/mem_reg[9][13]' is a constant and will be removed. (OPT-1206)
Information: The register 'inst_regfile/mem_reg[9][14]' is a constant and will be removed. (OPT-1206)
Information: The register 'inst_regfile/mem_reg[9][15]' is a constant and will be removed. (OPT-1206)
Information: The register 'inst_regfile/mem_reg[9][16]' is a constant and will be removed. (OPT-1206)
Information: The register 'inst_regfile/mem_reg[9][17]' is a constant and will be removed. (OPT-1206)
Information: The register 'inst_regfile/mem_reg[9][18]' is a constant and will be removed. (OPT-1206)
Information: The register 'inst_regfile/mem_reg[9][19]' is a constant and will be removed. (OPT-1206)
Information: The register 'inst_regfile/mem_reg[9][20]' is a constant and will be removed. (OPT-1206)
Information: The register 'inst_regfile/mem_reg[9][21]' is a constant and will be removed. (OPT-1206)
Information: The register 'inst_regfile/mem_reg[9][22]' is a constant and will be removed. (OPT-1206)
Information: The register 'inst_regfile/mem_reg[9][23]' is a constant and will be removed. (OPT-1206)
Information: The register 'inst_regfile/mem_reg[9][24]' is a constant and will be removed. (OPT-1206)
Information: The register 'inst_regfile/mem_reg[9][25]' is a constant and will be removed. (OPT-1206)
Information: The register 'inst_regfile/mem_reg[9][26]' is a constant and will be removed. (OPT-1206)
Information: The register 'inst_regfile/mem_reg[9][27]' is a constant and will be removed. (OPT-1206)
Information: The register 'inst_regfile/mem_reg[9][28]' is a constant and will be removed. (OPT-1206)
Information: The register 'inst_regfile/mem_reg[9][29]' is a constant and will be removed. (OPT-1206)
Information: The register 'inst_regfile/mem_reg[9][30]' is a constant and will be removed. (OPT-1206)
Information: The register 'inst_regfile/mem_reg[9][31]' is a constant and will be removed. (OPT-1206)
Information: The register 'inst_regfile/mem_reg[11][0]' is a constant and will be removed. (OPT-1206)
Information: The register 'inst_regfile/mem_reg[11][1]' is a constant and will be removed. (OPT-1206)
Information: The register 'inst_regfile/mem_reg[11][2]' is a constant and will be removed. (OPT-1206)
Information: The register 'inst_regfile/mem_reg[11][3]' is a constant and will be removed. (OPT-1206)
Information: The register 'inst_regfile/mem_reg[11][4]' is a constant and will be removed. (OPT-1206)
Information: The register 'inst_regfile/mem_reg[11][5]' is a constant and will be removed. (OPT-1206)
Information: The register 'inst_regfile/mem_reg[11][6]' is a constant and will be removed. (OPT-1206)
Information: The register 'inst_regfile/mem_reg[11][7]' is a constant and will be removed. (OPT-1206)
Information: The register 'inst_regfile/mem_reg[11][8]' is a constant and will be removed. (OPT-1206)
Information: The register 'inst_regfile/mem_reg[11][9]' is a constant and will be removed. (OPT-1206)
Information: The register 'inst_regfile/mem_reg[11][10]' is a constant and will be removed. (OPT-1206)
Information: The register 'inst_regfile/mem_reg[11][11]' is a constant and will be removed. (OPT-1206)
Information: The register 'inst_regfile/mem_reg[11][12]' is a constant and will be removed. (OPT-1206)
Information: The register 'inst_regfile/mem_reg[11][13]' is a constant and will be removed. (OPT-1206)
Information: The register 'inst_regfile/mem_reg[11][14]' is a constant and will be removed. (OPT-1206)
Information: The register 'inst_regfile/mem_reg[11][15]' is a constant and will be removed. (OPT-1206)
Information: The register 'inst_regfile/mem_reg[11][16]' is a constant and will be removed. (OPT-1206)
Information: The register 'inst_regfile/mem_reg[11][17]' is a constant and will be removed. (OPT-1206)
Information: The register 'inst_regfile/mem_reg[11][18]' is a constant and will be removed. (OPT-1206)
Information: The register 'inst_regfile/mem_reg[11][19]' is a constant and will be removed. (OPT-1206)
Information: The register 'inst_regfile/mem_reg[11][20]' is a constant and will be removed. (OPT-1206)
Information: The register 'inst_regfile/mem_reg[11][21]' is a constant and will be removed. (OPT-1206)
Information: The register 'inst_regfile/mem_reg[11][22]' is a constant and will be removed. (OPT-1206)
Information: The register 'inst_regfile/mem_reg[11][23]' is a constant and will be removed. (OPT-1206)
Information: The register 'inst_regfile/mem_reg[11][24]' is a constant and will be removed. (OPT-1206)
Information: The register 'inst_regfile/mem_reg[11][25]' is a constant and will be removed. (OPT-1206)
Information: The register 'inst_regfile/mem_reg[11][26]' is a constant and will be removed. (OPT-1206)
Information: The register 'inst_regfile/mem_reg[11][27]' is a constant and will be removed. (OPT-1206)
Information: The register 'inst_regfile/mem_reg[11][28]' is a constant and will be removed. (OPT-1206)
Information: The register 'inst_regfile/mem_reg[11][29]' is a constant and will be removed. (OPT-1206)
Information: The register 'inst_regfile/mem_reg[11][30]' is a constant and will be removed. (OPT-1206)
Information: The register 'inst_regfile/mem_reg[11][31]' is a constant and will be removed. (OPT-1206)
Information: The register 'inst_regfile/mem_reg[13][0]' is a constant and will be removed. (OPT-1206)
Information: The register 'inst_ReadData1_ff_DE/temp_reg[0]' is a constant and will be removed. (OPT-1206)
Information: The register 'inst_regfile/mem_reg[13][1]' is a constant and will be removed. (OPT-1206)
Information: The register 'inst_regfile/mem_reg[13][2]' is a constant and will be removed. (OPT-1206)
Information: The register 'inst_regfile/mem_reg[13][3]' is a constant and will be removed. (OPT-1206)
Information: The register 'inst_regfile/mem_reg[13][4]' is a constant and will be removed. (OPT-1206)
Information: The register 'inst_regfile/mem_reg[13][5]' is a constant and will be removed. (OPT-1206)
Information: The register 'inst_regfile/mem_reg[13][6]' is a constant and will be removed. (OPT-1206)
Information: The register 'inst_regfile/mem_reg[13][7]' is a constant and will be removed. (OPT-1206)
Information: The register 'inst_regfile/mem_reg[13][8]' is a constant and will be removed. (OPT-1206)
Information: The register 'inst_regfile/mem_reg[13][9]' is a constant and will be removed. (OPT-1206)
Information: The register 'inst_regfile/mem_reg[13][10]' is a constant and will be removed. (OPT-1206)
Information: The register 'inst_regfile/mem_reg[13][11]' is a constant and will be removed. (OPT-1206)
Information: The register 'inst_regfile/mem_reg[13][12]' is a constant and will be removed. (OPT-1206)
Information: The register 'inst_regfile/mem_reg[13][13]' is a constant and will be removed. (OPT-1206)
Information: The register 'inst_regfile/mem_reg[13][14]' is a constant and will be removed. (OPT-1206)
Information: The register 'inst_regfile/mem_reg[13][15]' is a constant and will be removed. (OPT-1206)
Information: The register 'inst_regfile/mem_reg[13][16]' is a constant and will be removed. (OPT-1206)
Information: The register 'inst_regfile/mem_reg[13][17]' is a constant and will be removed. (OPT-1206)
Information: The register 'inst_regfile/mem_reg[13][18]' is a constant and will be removed. (OPT-1206)
Information: The register 'inst_regfile/mem_reg[13][19]' is a constant and will be removed. (OPT-1206)
Information: The register 'inst_regfile/mem_reg[13][20]' is a constant and will be removed. (OPT-1206)
Information: The register 'inst_regfile/mem_reg[13][21]' is a constant and will be removed. (OPT-1206)
Information: The register 'inst_regfile/mem_reg[13][22]' is a constant and will be removed. (OPT-1206)
Information: The register 'inst_regfile/mem_reg[13][23]' is a constant and will be removed. (OPT-1206)
Information: The register 'inst_regfile/mem_reg[13][24]' is a constant and will be removed. (OPT-1206)
Information: The register 'inst_regfile/mem_reg[13][25]' is a constant and will be removed. (OPT-1206)
Information: The register 'inst_regfile/mem_reg[13][26]' is a constant and will be removed. (OPT-1206)
Information: The register 'inst_regfile/mem_reg[13][27]' is a constant and will be removed. (OPT-1206)
Information: The register 'inst_regfile/mem_reg[13][28]' is a constant and will be removed. (OPT-1206)
Information: The register 'inst_regfile/mem_reg[13][29]' is a constant and will be removed. (OPT-1206)
Information: The register 'inst_regfile/mem_reg[13][30]' is a constant and will be removed. (OPT-1206)
Information: The register 'inst_regfile/mem_reg[13][31]' is a constant and will be removed. (OPT-1206)
Information: The register 'inst_regfile/mem_reg[15][1]' is a constant and will be removed. (OPT-1206)
Information: The register 'inst_ReadData1_ff_DE/temp_reg[1]' is a constant and will be removed. (OPT-1206)
Information: The register 'inst_ReadData2_ff_DE/temp_reg[1]' is a constant and will be removed. (OPT-1206)
Information: The register 'inst_regfile/mem_reg[15][2]' is a constant and will be removed. (OPT-1206)
Information: The register 'inst_ReadData1_ff_DE/temp_reg[2]' is a constant and will be removed. (OPT-1206)
Information: The register 'inst_ReadData2_ff_DE/temp_reg[2]' is a constant and will be removed. (OPT-1206)
Information: The register 'inst_regfile/mem_reg[15][3]' is a constant and will be removed. (OPT-1206)
Information: The register 'inst_ReadData1_ff_DE/temp_reg[3]' is a constant and will be removed. (OPT-1206)
Information: The register 'inst_ReadData2_ff_DE/temp_reg[3]' is a constant and will be removed. (OPT-1206)
Information: The register 'inst_regfile/mem_reg[15][4]' is a constant and will be removed. (OPT-1206)
Information: The register 'inst_ReadData1_ff_DE/temp_reg[4]' is a constant and will be removed. (OPT-1206)
Information: The register 'inst_ReadData2_ff_DE/temp_reg[4]' is a constant and will be removed. (OPT-1206)
Information: The register 'inst_regfile/mem_reg[15][5]' is a constant and will be removed. (OPT-1206)
Information: The register 'inst_ReadData1_ff_DE/temp_reg[5]' is a constant and will be removed. (OPT-1206)
Information: The register 'inst_ReadData2_ff_DE/temp_reg[5]' is a constant and will be removed. (OPT-1206)
Information: The register 'inst_regfile/mem_reg[15][6]' is a constant and will be removed. (OPT-1206)
Information: The register 'inst_ReadData1_ff_DE/temp_reg[6]' is a constant and will be removed. (OPT-1206)
Information: The register 'inst_ReadData2_ff_DE/temp_reg[6]' is a constant and will be removed. (OPT-1206)
Information: The register 'inst_regfile/mem_reg[15][7]' is a constant and will be removed. (OPT-1206)
Information: The register 'inst_ReadData1_ff_DE/temp_reg[7]' is a constant and will be removed. (OPT-1206)
Information: The register 'inst_ReadData2_ff_DE/temp_reg[7]' is a constant and will be removed. (OPT-1206)
Information: The register 'inst_regfile/mem_reg[15][8]' is a constant and will be removed. (OPT-1206)
Information: The register 'inst_ReadData1_ff_DE/temp_reg[8]' is a constant and will be removed. (OPT-1206)
Information: The register 'inst_ReadData2_ff_DE/temp_reg[8]' is a constant and will be removed. (OPT-1206)
Information: The register 'inst_regfile/mem_reg[15][9]' is a constant and will be removed. (OPT-1206)
Information: The register 'inst_ReadData1_ff_DE/temp_reg[9]' is a constant and will be removed. (OPT-1206)
Information: The register 'inst_ReadData2_ff_DE/temp_reg[9]' is a constant and will be removed. (OPT-1206)
Information: The register 'inst_regfile/mem_reg[15][10]' is a constant and will be removed. (OPT-1206)
Information: The register 'inst_ReadData1_ff_DE/temp_reg[10]' is a constant and will be removed. (OPT-1206)
Information: The register 'inst_ReadData2_ff_DE/temp_reg[10]' is a constant and will be removed. (OPT-1206)
Information: The register 'inst_regfile/mem_reg[15][11]' is a constant and will be removed. (OPT-1206)
Information: The register 'inst_ReadData1_ff_DE/temp_reg[11]' is a constant and will be removed. (OPT-1206)
Information: The register 'inst_ReadData2_ff_DE/temp_reg[11]' is a constant and will be removed. (OPT-1206)
Information: The register 'inst_regfile/mem_reg[15][12]' is a constant and will be removed. (OPT-1206)
Information: The register 'inst_ReadData1_ff_DE/temp_reg[12]' is a constant and will be removed. (OPT-1206)
Information: The register 'inst_ReadData2_ff_DE/temp_reg[12]' is a constant and will be removed. (OPT-1206)
Information: The register 'inst_regfile/mem_reg[15][13]' is a constant and will be removed. (OPT-1206)
Information: The register 'inst_ReadData1_ff_DE/temp_reg[13]' is a constant and will be removed. (OPT-1206)
Information: The register 'inst_ReadData2_ff_DE/temp_reg[13]' is a constant and will be removed. (OPT-1206)
Information: The register 'inst_regfile/mem_reg[15][14]' is a constant and will be removed. (OPT-1206)
Information: The register 'inst_ReadData1_ff_DE/temp_reg[14]' is a constant and will be removed. (OPT-1206)
Information: The register 'inst_ReadData2_ff_DE/temp_reg[14]' is a constant and will be removed. (OPT-1206)
Information: The register 'inst_regfile/mem_reg[15][15]' is a constant and will be removed. (OPT-1206)
Information: The register 'inst_ReadData1_ff_DE/temp_reg[15]' is a constant and will be removed. (OPT-1206)
Information: The register 'inst_ReadData2_ff_DE/temp_reg[15]' is a constant and will be removed. (OPT-1206)
Information: The register 'inst_regfile/mem_reg[15][16]' is a constant and will be removed. (OPT-1206)
Information: The register 'inst_ReadData1_ff_DE/temp_reg[16]' is a constant and will be removed. (OPT-1206)
Information: The register 'inst_ReadData2_ff_DE/temp_reg[16]' is a constant and will be removed. (OPT-1206)
Information: The register 'inst_regfile/mem_reg[15][17]' is a constant and will be removed. (OPT-1206)
Information: The register 'inst_ReadData1_ff_DE/temp_reg[17]' is a constant and will be removed. (OPT-1206)
Information: The register 'inst_ReadData2_ff_DE/temp_reg[17]' is a constant and will be removed. (OPT-1206)
Information: The register 'inst_regfile/mem_reg[15][18]' is a constant and will be removed. (OPT-1206)
Information: The register 'inst_ReadData1_ff_DE/temp_reg[18]' is a constant and will be removed. (OPT-1206)
Information: The register 'inst_ReadData2_ff_DE/temp_reg[18]' is a constant and will be removed. (OPT-1206)
Information: The register 'inst_regfile/mem_reg[15][19]' is a constant and will be removed. (OPT-1206)
Information: The register 'inst_ReadData1_ff_DE/temp_reg[19]' is a constant and will be removed. (OPT-1206)
Information: The register 'inst_ReadData2_ff_DE/temp_reg[19]' is a constant and will be removed. (OPT-1206)
Information: The register 'inst_regfile/mem_reg[15][20]' is a constant and will be removed. (OPT-1206)
Information: The register 'inst_ReadData1_ff_DE/temp_reg[20]' is a constant and will be removed. (OPT-1206)
Information: The register 'inst_ReadData2_ff_DE/temp_reg[20]' is a constant and will be removed. (OPT-1206)
Information: The register 'inst_regfile/mem_reg[15][21]' is a constant and will be removed. (OPT-1206)
Information: The register 'inst_ReadData1_ff_DE/temp_reg[21]' is a constant and will be removed. (OPT-1206)
Information: The register 'inst_ReadData2_ff_DE/temp_reg[21]' is a constant and will be removed. (OPT-1206)
Information: The register 'inst_regfile/mem_reg[15][22]' is a constant and will be removed. (OPT-1206)
Information: The register 'inst_ReadData1_ff_DE/temp_reg[22]' is a constant and will be removed. (OPT-1206)
Information: The register 'inst_ReadData2_ff_DE/temp_reg[22]' is a constant and will be removed. (OPT-1206)
Information: The register 'inst_regfile/mem_reg[15][23]' is a constant and will be removed. (OPT-1206)
Information: The register 'inst_ReadData1_ff_DE/temp_reg[23]' is a constant and will be removed. (OPT-1206)
Information: The register 'inst_ReadData2_ff_DE/temp_reg[23]' is a constant and will be removed. (OPT-1206)
Information: The register 'inst_regfile/mem_reg[15][24]' is a constant and will be removed. (OPT-1206)
Information: The register 'inst_ReadData1_ff_DE/temp_reg[24]' is a constant and will be removed. (OPT-1206)
Information: The register 'inst_ReadData2_ff_DE/temp_reg[24]' is a constant and will be removed. (OPT-1206)
Information: The register 'inst_regfile/mem_reg[15][25]' is a constant and will be removed. (OPT-1206)
Information: The register 'inst_ReadData1_ff_DE/temp_reg[25]' is a constant and will be removed. (OPT-1206)
Information: The register 'inst_ReadData2_ff_DE/temp_reg[25]' is a constant and will be removed. (OPT-1206)
Information: The register 'inst_regfile/mem_reg[15][26]' is a constant and will be removed. (OPT-1206)
Information: The register 'inst_ReadData1_ff_DE/temp_reg[26]' is a constant and will be removed. (OPT-1206)
Information: The register 'inst_ReadData2_ff_DE/temp_reg[26]' is a constant and will be removed. (OPT-1206)
Information: The register 'inst_regfile/mem_reg[15][27]' is a constant and will be removed. (OPT-1206)
Information: The register 'inst_ReadData1_ff_DE/temp_reg[27]' is a constant and will be removed. (OPT-1206)
Information: The register 'inst_ReadData2_ff_DE/temp_reg[27]' is a constant and will be removed. (OPT-1206)
Information: The register 'inst_regfile/mem_reg[15][28]' is a constant and will be removed. (OPT-1206)
Information: The register 'inst_ReadData1_ff_DE/temp_reg[28]' is a constant and will be removed. (OPT-1206)
Information: The register 'inst_ReadData2_ff_DE/temp_reg[28]' is a constant and will be removed. (OPT-1206)
Information: The register 'inst_regfile/mem_reg[15][29]' is a constant and will be removed. (OPT-1206)
Information: The register 'inst_ReadData1_ff_DE/temp_reg[29]' is a constant and will be removed. (OPT-1206)
Information: The register 'inst_ReadData2_ff_DE/temp_reg[29]' is a constant and will be removed. (OPT-1206)
Information: The register 'inst_regfile/mem_reg[15][30]' is a constant and will be removed. (OPT-1206)
Information: The register 'inst_ReadData1_ff_DE/temp_reg[30]' is a constant and will be removed. (OPT-1206)
Information: The register 'inst_ReadData2_ff_DE/temp_reg[30]' is a constant and will be removed. (OPT-1206)
Information: The register 'inst_regfile/mem_reg[15][31]' is a constant and will be removed. (OPT-1206)
Information: The register 'inst_ReadData1_ff_DE/temp_reg[31]' is a constant and will be removed. (OPT-1206)
Information: The register 'inst_ReadData2_ff_DE/temp_reg[31]' is a constant and will be removed. (OPT-1206)
Information: The register 'inst_WriteData_ff_EM/temp_reg[1]' is a constant and will be removed. (OPT-1206)
Information: The register 'inst_WriteData_ff_EM/temp_reg[2]' is a constant and will be removed. (OPT-1206)
Information: The register 'inst_WriteData_ff_EM/temp_reg[3]' is a constant and will be removed. (OPT-1206)
Information: The register 'inst_WriteData_ff_EM/temp_reg[4]' is a constant and will be removed. (OPT-1206)
Information: The register 'inst_WriteData_ff_EM/temp_reg[5]' is a constant and will be removed. (OPT-1206)
Information: The register 'inst_WriteData_ff_EM/temp_reg[6]' is a constant and will be removed. (OPT-1206)
Information: The register 'inst_WriteData_ff_EM/temp_reg[7]' is a constant and will be removed. (OPT-1206)
Information: The register 'inst_WriteData_ff_EM/temp_reg[8]' is a constant and will be removed. (OPT-1206)
Information: The register 'inst_WriteData_ff_EM/temp_reg[9]' is a constant and will be removed. (OPT-1206)
Information: The register 'inst_WriteData_ff_EM/temp_reg[10]' is a constant and will be removed. (OPT-1206)
Information: The register 'inst_WriteData_ff_EM/temp_reg[11]' is a constant and will be removed. (OPT-1206)
Information: The register 'inst_WriteData_ff_EM/temp_reg[12]' is a constant and will be removed. (OPT-1206)
Information: The register 'inst_WriteData_ff_EM/temp_reg[13]' is a constant and will be removed. (OPT-1206)
Information: The register 'inst_WriteData_ff_EM/temp_reg[14]' is a constant and will be removed. (OPT-1206)
Information: The register 'inst_WriteData_ff_EM/temp_reg[15]' is a constant and will be removed. (OPT-1206)
Information: The register 'inst_WriteData_ff_EM/temp_reg[16]' is a constant and will be removed. (OPT-1206)
Information: The register 'inst_WriteData_ff_EM/temp_reg[17]' is a constant and will be removed. (OPT-1206)
Information: The register 'inst_WriteData_ff_EM/temp_reg[18]' is a constant and will be removed. (OPT-1206)
Information: The register 'inst_WriteData_ff_EM/temp_reg[19]' is a constant and will be removed. (OPT-1206)
Information: The register 'inst_WriteData_ff_EM/temp_reg[20]' is a constant and will be removed. (OPT-1206)
Information: The register 'inst_WriteData_ff_EM/temp_reg[21]' is a constant and will be removed. (OPT-1206)
Information: The register 'inst_WriteData_ff_EM/temp_reg[22]' is a constant and will be removed. (OPT-1206)
Information: The register 'inst_WriteData_ff_EM/temp_reg[23]' is a constant and will be removed. (OPT-1206)
Information: The register 'inst_WriteData_ff_EM/temp_reg[24]' is a constant and will be removed. (OPT-1206)
Information: The register 'inst_WriteData_ff_EM/temp_reg[25]' is a constant and will be removed. (OPT-1206)
Information: The register 'inst_WriteData_ff_EM/temp_reg[26]' is a constant and will be removed. (OPT-1206)
Information: The register 'inst_WriteData_ff_EM/temp_reg[27]' is a constant and will be removed. (OPT-1206)
Information: The register 'inst_WriteData_ff_EM/temp_reg[28]' is a constant and will be removed. (OPT-1206)
Information: The register 'inst_WriteData_ff_EM/temp_reg[29]' is a constant and will be removed. (OPT-1206)
Information: The register 'inst_WriteData_ff_EM/temp_reg[30]' is a constant and will be removed. (OPT-1206)
Information: The register 'inst_WriteData_ff_EM/temp_reg[31]' is a constant and will be removed. (OPT-1206)
Information: The register 'inst_ALUControl_ff_DE/temp_reg[4]' is a constant and will be removed. (OPT-1206)
Information: The register 'inst_ALUControl_ff_DE/temp_reg[3]' is a constant and will be removed. (OPT-1206)
Information: The register 'inst_ALUControl_ff_DE/temp_reg[1]' is a constant and will be removed. (OPT-1206)
Information: The register 'inst_ALUControl_ff_DE/temp_reg[0]' is a constant and will be removed. (OPT-1206)
Information: The register 'inst_ALUControl_ff_DE/temp_reg[2]' is a constant and will be removed. (OPT-1206)
Information: The register 'inst_WriteData_ff_EM/temp_reg[0]' is a constant and will be removed. (OPT-1206)
Information: Removing unused design 'controller'. (OPT-1055)
Information: Removing unused design 'regfile'. (OPT-1055)
Information: Removing unused design 'flipflop1bit_0'. (OPT-1055)
Information: Removing unused design 'flipflop_S6'. (OPT-1055)
Information: Removing unused design 'flipflop_S3_0'. (OPT-1055)
Information: Removing unused design 'mux4to1_S32_0'. (OPT-1055)
Information: Removing unused design 'mux2to1_S5'. (OPT-1055)
Information: Removing unused design 'flipflop_S5_0'. (OPT-1055)
Information: Removing unused design 'hazard_control'. (OPT-1055)
Information: Removing unused design 'flipflop_S32_2'. (OPT-1055)
Information: Removing unused design 'flipflop_S32_4'. (OPT-1055)
Information: Removing unused design 'flipflop_S32_7'. (OPT-1055)
Information: Removing unused design 'flipflop_S32_8'. (OPT-1055)
Information: Removing unused design 'flipflop_S32_9'. (OPT-1055)
Information: Removing unused design 'flipflop_S32_10'. (OPT-1055)
Information: Removing unused design 'mux4to1_S32_1'. (OPT-1055)
Information: Removing unused design 'mux2to1_S32_2'. (OPT-1055)
Information: Removing unused design 'mux2to1_S32_3'. (OPT-1055)
Information: Removing unused design 'mux2to1_S32_4'. (OPT-1055)
Information: Removing unused design 'flipflop_S5_1'. (OPT-1055)
Information: Removing unused design 'flipflop_S3_1'. (OPT-1055)
Information: Removing unused design 'flipflop1bit_1'. (OPT-1055)
Information: Removing unused design 'flipflop1bit_2'. (OPT-1055)
Information: Removing unused design 'flipflop1bit_5'. (OPT-1055)
Information: Removing unused design 'flipflop1bit_6'. (OPT-1055)
Information: Removing unused design 'flipflop1bit_7'. (OPT-1055)
Information: Removing unused design 'flipflop1bit_8'. (OPT-1055)
Information: Removing unused design 'flipflop1bit_9'. (OPT-1055)
Information: Removing unused design 'flipflop1bit_11'. (OPT-1055)
Information: Removing unused design 'flipflop1bit_12'. (OPT-1055)

Threshold voltage group cell usage:
>> saed32cell_lvt 100.00%

  Beginning Mapping Optimizations  (Ultra High effort)
  -------------------------------
Information: Updating design information... (UID-85)
  Mapping Optimization (Phase 1)
Information: Removing unused design 'mux2to1_S32_0'. (OPT-1055)
Information: Removing unused design 'pc_clock'. (OPT-1055)
Information: Removing unused design 'flipflop_S32_0'. (OPT-1055)
Information: Removing unused design 'sign_extender_SIZE16'. (OPT-1055)
Information: Removing unused design 'flipflop_S32_11'. (OPT-1055)

                                  TOTAL                                                
   ELAPSED            WORST NEG   SETUP    DESIGN                              LEAKAGE 
    TIME      AREA      SLACK     COST    RULE COST         ENDPOINT            POWER  
  --------- --------- --------- --------- --------- ------------------------- ---------
    0:00:10     539.1      0.00       0.0       0.0                           558592192.0000
    0:00:10     539.1      0.00       0.0       0.0                           558592192.0000
    0:00:10     539.1      0.00       0.0       0.0                           558592192.0000
    0:00:10     539.1      0.00       0.0       0.0                           558592192.0000
  Re-synthesis Optimization (Phase 1)
  Re-synthesis Optimization (Phase 2)
  Global Optimization (Phase 1)
  Global Optimization (Phase 2)
  Global Optimization (Phase 3)
  Global Optimization (Phase 4)
  Global Optimization (Phase 5)
  Global Optimization (Phase 6)
  Global Optimization (Phase 7)
  Global Optimization (Phase 8)
  Global Optimization (Phase 9)
  Global Optimization (Phase 10)
  Global Optimization (Phase 11)
  Global Optimization (Phase 12)
  Global Optimization (Phase 13)
  Global Optimization (Phase 14)
  Global Optimization (Phase 15)
  Global Optimization (Phase 16)
  Global Optimization (Phase 17)
  Global Optimization (Phase 18)
  Global Optimization (Phase 19)
  Global Optimization (Phase 20)
  Global Optimization (Phase 21)
  Global Optimization (Phase 22)
  Global Optimization (Phase 23)
  Global Optimization (Phase 24)
  Global Optimization (Phase 25)
  Global Optimization (Phase 26)
  Global Optimization (Phase 27)
  Global Optimization (Phase 28)



  Beginning Delay Optimization Phase
  ----------------------------------

                                  TOTAL                                                
   ELAPSED            WORST NEG   SETUP    DESIGN                              LEAKAGE 
    TIME      AREA      SLACK     COST    RULE COST         ENDPOINT            POWER  
  --------- --------- --------- --------- --------- ------------------------- ---------
    0:00:10     539.1      0.00       0.0       0.0                           558592192.0000
    0:00:10     539.1      0.00       0.0       0.0                           558592192.0000
    0:00:10     539.1      0.00       0.0       0.0                           558592192.0000
    0:00:10     539.1      0.00       0.0       0.0                           558592192.0000
    0:00:10     539.1      0.00       0.0       0.0                           558592192.0000
    0:00:10     539.1      0.00       0.0       0.0                           558592192.0000
    0:00:10     539.1      0.00       0.0       0.0                           558592192.0000
    0:00:10     539.1      0.00       0.0       0.0                           558592192.0000
    0:00:10     539.1      0.00       0.0       0.0                           558592192.0000
    0:00:10     539.1      0.00       0.0       0.0                           558592192.0000
    0:00:10     539.1      0.00       0.0       0.0                           558592192.0000

Threshold voltage group cell usage:
>> saed32cell_lvt 100.00%

  Beginning Delay Optimization
  ----------------------------
    0:00:10     539.1      0.00       0.0       0.0                           558592192.0000
    0:00:10     539.1      0.00       0.0       0.0                           558592192.0000
    0:00:10     539.1      0.00       0.0       0.0                           558592192.0000
    0:00:10     539.1      0.00       0.0       0.0                           558592192.0000
    0:00:10     539.1      0.00       0.0       0.0                           558592192.0000
    0:00:10     539.1      0.00       0.0       0.0                           558592192.0000
    0:00:10     539.1      0.00       0.0       0.0                           558592192.0000
    0:00:10     539.1      0.00       0.0       0.0                           558592192.0000
    0:00:10     539.1      0.00       0.0       0.0                           558592192.0000
    0:00:10     539.1      0.00       0.0       0.0                           558592192.0000

                                  TOTAL                                                
   ELAPSED            WORST NEG   SETUP    DESIGN                              LEAKAGE 
    TIME      AREA      SLACK     COST    RULE COST         ENDPOINT            POWER  
  --------- --------- --------- --------- --------- ------------------------- ---------
    0:00:10     539.1      0.00       0.0       0.0                           558592192.0000
    0:00:10     539.1      0.00       0.0       0.0                           558592192.0000

Threshold voltage group cell usage:
>> saed32cell_lvt 100.00%


  Beginning Leakage Power Optimization  (max_leakage_power 0)
  ------------------------------------

                                  TOTAL                                                
   ELAPSED            WORST NEG   SETUP    DESIGN                              LEAKAGE 
    TIME      AREA      SLACK     COST    RULE COST         ENDPOINT            POWER  
  --------- --------- --------- --------- --------- ------------------------- ---------
    0:00:10     539.1      0.00       0.0       0.0                           558592192.0000
  Global Optimization (Phase 29)
  Global Optimization (Phase 30)
  Global Optimization (Phase 31)
  Global Optimization (Phase 32)
  Global Optimization (Phase 33)
  Global Optimization (Phase 34)
  Global Optimization (Phase 35)
  Global Optimization (Phase 36)
  Global Optimization (Phase 37)
  Global Optimization (Phase 38)
    0:00:10     539.1      0.00       0.0       0.0                           558592192.0000
    0:00:10     539.1      0.00       0.0       0.0                           558592192.0000
    0:00:10     539.1      0.00       0.0       0.0                           558592192.0000
    0:00:10     539.1      0.00       0.0       0.0                           558592192.0000
    0:00:10     539.1      0.00       0.0       0.0                           558592192.0000
    0:00:10     539.1      0.00       0.0       0.0                           558592192.0000
    0:00:10     539.1      0.00       0.0       0.0                           558592192.0000
    0:00:10     539.1      0.00       0.0       0.0                           558592192.0000
    0:00:10     539.1      0.00       0.0       0.0                           558592192.0000
    0:00:10     539.1      0.00       0.0       0.0                           558592192.0000
    0:00:10     539.1      0.00       0.0       0.0                           558592192.0000
    0:00:10     539.1      0.00       0.0       0.0                           558592192.0000
    0:00:10     539.1      0.00       0.0       0.0                           558592192.0000
    0:00:10     539.1      0.00       0.0       0.0                           558592192.0000
    0:00:10     539.1      0.00       0.0       0.0                           558592192.0000
    0:00:10     539.1      0.00       0.0       0.0                           558592192.0000
    0:00:10     539.1      0.00       0.0       0.0                           558592192.0000
    0:00:10     539.1      0.00       0.0       0.0                           558592192.0000
    0:00:10     539.1      0.00       0.0       0.0                           558592192.0000
    0:00:10     539.1      0.00       0.0       0.0                           558592192.0000

                                  TOTAL                                                
   ELAPSED            WORST NEG   SETUP    DESIGN                              LEAKAGE 
    TIME      AREA      SLACK     COST    RULE COST         ENDPOINT            POWER  
  --------- --------- --------- --------- --------- ------------------------- ---------
    0:00:10     539.1      0.00       0.0       0.0                           558592192.0000
    0:00:10     539.1      0.00       0.0       0.0                           558592192.0000
    0:00:10     539.1      0.00       0.0       0.0                           558592192.0000
    0:00:10     539.1      0.00       0.0       0.0                           558592192.0000
    0:00:10     539.1      0.00       0.0       0.0                           558592192.0000
Loading db file '/users/ugrad2/2012/spring/pooriam/libraries/saed32lvt_tt1p05vn40c.db'
Loading db file '/users/ugrad2/2012/spring/pooriam/libraries/saed32sram_tt1p05vn40c.db'


Note: Symbol # after min delay cost means estimated hold TNS across all active scenarios 


  Optimization Complete
  ---------------------
Information: Building the design 'alu'. (HDL-193)
Error:  /users/ugrad2/2015/summer/binhnn1/EECS112L/assignment4/syn/design/alu.vhd:30: Constant value required. (ELAB-922)
*** Presto compilation terminated with 1 errors. ***
Warning: Unable to resolve reference 'alu' in 'processor'. (LINK-5)
Information: State dependent leakage is now switched from off to on.
Information: Propagating switching activity (low effort zero delay simulation). (PWR-6)
Warning: Design has unannotated black box outputs. (PWR-428)
1
